// Jest Snapshot v1, https://goo.gl/fbAQLP

exports[`stage prop types 1`] = `
Object {
  "children": [Function],
  "height": [Function],
  "onMount": [Function],
  "onUnmount": [Function],
  "options": [Function],
  "raf": [Function],
  "renderOnComponentChange": [Function],
  "resolution": [Function],
  "width": [Function],
}
`;

exports[`stage prop types 2`] = `
Object {
  "height": 600,
  "onMount": [Function],
  "onUnmount": [Function],
  "raf": true,
  "renderOnComponentChange": true,
  "resolution": 1,
  "width": 800,
}
`;

exports[`stage renders a canvas element 1`] = `<canvas />`;
